evaluating flake...
checking flake output 'nixosConfigurations'...
checking NixOS configuration 'nixosConfigurations.jinora'...
evaluation warning: The option `documentation.man.generateCaches' defined in `/nix/store/s40qbl899i90bhd6gfr5d85g89msf4gd-source/hosts/common/base.nix' has been renamed to `documentation.man.cache.enable'.
checking NixOS configuration 'nixosConfigurations.toph'...
evaluation warning: The option `documentation.man.generateCaches' defined in `/nix/store/s40qbl899i90bhd6gfr5d85g89msf4gd-source/hosts/common/base.nix' has been renamed to `documentation.man.cache.enable'.
checking NixOS configuration 'nixosConfigurations.iroh'...
evaluation warning: The option `documentation.man.generateCaches' defined in `/nix/store/s40qbl899i90bhd6gfr5d85g89msf4gd-source/hosts/common/base.nix' has been renamed to `documentation.man.cache.enable'.
checking NixOS configuration 'nixosConfigurations.opal'...
evaluation warning: The option `services.xserver.desktopManager.gnome.enable' defined in `/nix/store/s40qbl899i90bhd6gfr5d85g89msf4gd-source/hosts/opal.nix' has been renamed to `services.desktopManager.gnome.enable'.
evaluation warning: The option `services.xserver.displayManager.gdm.enable' defined in `/nix/store/s40qbl899i90bhd6gfr5d85g89msf4gd-source/hosts/opal.nix' has been renamed to `services.displayManager.gdm.enable'.
evaluation warning: The option `documentation.man.generateCaches' defined in `/nix/store/s40qbl899i90bhd6gfr5d85g89msf4gd-source/hosts/common/base.nix' has been renamed to `documentation.man.cache.enable'.
checking flake output 'deploy'...
warning: unknown flake output 'deploy'
checking flake output 'checks'...
checking derivation checks.x86_64-linux.deploy-schema...
derivation evaluated to /nix/store/ibfli1f95xndqzmiwlvqpxypizvb8zc9-jsonschema-deploy-system.drv
checking derivation checks.x86_64-linux.deploy-activate...
derivation evaluated to /nix/store/4gmv845f30nzp1vbn494w667aijimmsf-deploy-rs-check-activate.drv
running 2 flake checks...
