building the system configuration...
evaluation warning: The option `hardware.opengl.enable' defined in `/home/chuu/git/nixos/g14.nix' has been renamed to `hardware.graphics.enable'.
evaluation warning: xdg-desktop-portal 1.17 reworked how portal implementations are loaded, you
                    should either set `xdg.portal.config` or `xdg.portal.configPackages`
                    to specify which portal backend to use for the requested interface.

                    https://github.com/flatpak/xdg-desktop-portal/blob/1.18.1/doc/portals.conf.rst.in

                    If you simply want to keep the behaviour in < 1.17, which uses the first
                    portal implementation found in lexicographical order, use the following:

                    xdg.portal.config.common.default = "*";
these 23 derivations will be built:
  /nix/store/1xawnd0xqvb616j7mc5wfm7wpb0ky2zs-unit-pipewire-pulse.service-disabled.drv
  /nix/store/20vbs255jpnk5fbgcdi7mchnl8qsrqa3-unit-pipewire.service-disabled.drv
  /nix/store/z2wxq5v3wls2lbqp0ralhkr2wrp17bwr-i3.conf.drv
  /nix/store/cvwdxds7vw1bln4mwvr6kyjlkh6b18m6-i3-config.drv
  /nix/store/6s1n7mbnc91il10car9l1dsrc5vjf8si-home-manager-files.drv
  /nix/store/nk9zjn5hgfq1agrqggk9j0px6qg9y3y8-activation-script.drv
  /nix/store/3nyrxycz44lwb20h24w42r4n5sa6b16m-home-manager-generation.drv
  /nix/store/6jx0hyvav5h6cgp7vj6zpysm92k68hil-stage-2-init.sh.drv
  /nix/store/cvyq4f9hc4v0qfy4xp4piaqxg3ksiqym-unit-console-getty.service-disabled.drv
  /nix/store/cwwzdv3sh15awmk8b7y07d9sb5ng0kkd-ensure-all-wrappers-paths-exist.drv
  /nix/store/dlyxq8k95yk6gaqp01f5f7y6dgwv25sl-boot.json.drv
  /nix/store/jsk86cix7g2azjm2w1ks6gi1bw8lm5zc-unit-pipewire.socket-disabled.drv
  /nix/store/li0m9jrf9vl9v6fzxkf4zmam784arh61-unit-home-manager-chuu.service.drv
  /nix/store/p3ywia420srinwm1l5d3sq3x5k8k1b3f-unit-wireplumber.service-disabled.drv
  /nix/store/pdkwhvifszm6hn03dn2hnqh5q57ixdjl-unit-systemd-rfkill.socket-disabled.drv
  /nix/store/q0wq63dplh7ppmrf8bdq73af5jp1pr7x-unit-pipewire-pulse.socket-disabled.drv
  /nix/store/w6g8w3dk5mkccmjpigb06k56xc3a4xdb-unit-systemd-rfkill.service-disabled.drv
  /nix/store/snn1a7jp57p0qylkx9r926agm7qd1qsm-system-units.drv
  /nix/store/phkcn6fxr4fwdqnsa3xffgn5hqc51qqq-etc.drv
  /nix/store/px4qvn1bwv5mvqv19ygmiffv1lq5m271-xkb-validated.drv
  /nix/store/s9188jlmmd8m66iz489w7bi4hl2jpik3-builder.pl.drv
  /nix/store/sv4x1fd87skalv2x7pb59ngzv5y64pnl-perl-5.40.0-env.drv
  /nix/store/n6raffxaxzjfw3ng1hjlk623w29giljh-nixos-system-g14-25.05.20250322.1e5b653.drv
these 10 paths will be fetched (0.51 MiB download, 10.53 MiB unpacked):
  /nix/store/5z8ff1wfq3f5yd74jbv3g5vzd27cq0nh-die-hook
  /nix/store/hyp4b779nh5y4m48zvvhd4y3z1gm8hd5-file-5.46
  /nix/store/w0mv8cgqp312dcnwlc6pz9v8nkjgw4lr-gnu-config-2024-01-01
  /nix/store/sj1p3diy46yhx29y2a6akmr2bmwrq8bq-lndir-1.0.5
  /nix/store/3jvrhpwwka748g8yfxghn8yv6clrxf17-make-binary-wrapper-hook
  /nix/store/43jxq9r017vpwkmph5x4mphk38r8v3fp-make-shell-wrapper-hook
  /nix/store/nk427kbyf9l6fpfdxb8hmrq2nlkl8nfl-patchelf-0.15.0
  /nix/store/76dr5bsqnfxzfljs3q9nwhw5ri52z7gx-stdenv-linux
  /nix/store/qjb61crwqjr60mgd75z8cfx0cmjgd1i9-update-autotools-gnu-config-scripts-hook
  /nix/store/7pc97nw41h4xmwkx95xrwyy9ghivw12y-xkbvalidate
copying path '/nix/store/5z8ff1wfq3f5yd74jbv3g5vzd27cq0nh-die-hook' from 'https://cache.nixos.org'...
copying path '/nix/store/w0mv8cgqp312dcnwlc6pz9v8nkjgw4lr-gnu-config-2024-01-01' from 'https://cache.nixos.org'...
copying path '/nix/store/hyp4b779nh5y4m48zvvhd4y3z1gm8hd5-file-5.46' from 'https://cache.nixos.org'...
copying path '/nix/store/nk427kbyf9l6fpfdxb8hmrq2nlkl8nfl-patchelf-0.15.0' from 'https://cache.nixos.org'...
copying path '/nix/store/sj1p3diy46yhx29y2a6akmr2bmwrq8bq-lndir-1.0.5' from 'https://cache.nixos.org'...
copying path '/nix/store/7pc97nw41h4xmwkx95xrwyy9ghivw12y-xkbvalidate' from 'https://cache.nixos.org'...
copying path '/nix/store/3jvrhpwwka748g8yfxghn8yv6clrxf17-make-binary-wrapper-hook' from 'https://cache.nixos.org'...
copying path '/nix/store/43jxq9r017vpwkmph5x4mphk38r8v3fp-make-shell-wrapper-hook' from 'https://cache.nixos.org'...
copying path '/nix/store/qjb61crwqjr60mgd75z8cfx0cmjgd1i9-update-autotools-gnu-config-scripts-hook' from 'https://cache.nixos.org'...
copying path '/nix/store/76dr5bsqnfxzfljs3q9nwhw5ri52z7gx-stdenv-linux' from 'https://cache.nixos.org'...
building '/nix/store/dlyxq8k95yk6gaqp01f5f7y6dgwv25sl-boot.json.drv'...
building '/nix/store/s9188jlmmd8m66iz489w7bi4hl2jpik3-builder.pl.drv'...
building '/nix/store/cwwzdv3sh15awmk8b7y07d9sb5ng0kkd-ensure-all-wrappers-paths-exist.drv'...
building '/nix/store/z2wxq5v3wls2lbqp0ralhkr2wrp17bwr-i3.conf.drv'...
building '/nix/store/6jx0hyvav5h6cgp7vj6zpysm92k68hil-stage-2-init.sh.drv'...
building '/nix/store/cvyq4f9hc4v0qfy4xp4piaqxg3ksiqym-unit-console-getty.service-disabled.drv'...
building '/nix/store/1xawnd0xqvb616j7mc5wfm7wpb0ky2zs-unit-pipewire-pulse.service-disabled.drv'...
building '/nix/store/q0wq63dplh7ppmrf8bdq73af5jp1pr7x-unit-pipewire-pulse.socket-disabled.drv'...
building '/nix/store/20vbs255jpnk5fbgcdi7mchnl8qsrqa3-unit-pipewire.service-disabled.drv'...
building '/nix/store/jsk86cix7g2azjm2w1ks6gi1bw8lm5zc-unit-pipewire.socket-disabled.drv'...
building '/nix/store/w6g8w3dk5mkccmjpigb06k56xc3a4xdb-unit-systemd-rfkill.service-disabled.drv'...
building '/nix/store/pdkwhvifszm6hn03dn2hnqh5q57ixdjl-unit-systemd-rfkill.socket-disabled.drv'...
building '/nix/store/p3ywia420srinwm1l5d3sq3x5k8k1b3f-unit-wireplumber.service-disabled.drv'...
building '/nix/store/px4qvn1bwv5mvqv19ygmiffv1lq5m271-xkb-validated.drv'...
building '/nix/store/cvwdxds7vw1bln4mwvr6kyjlkh6b18m6-i3-config.drv'...
building '/nix/store/sv4x1fd87skalv2x7pb59ngzv5y64pnl-perl-5.40.0-env.drv'...
building '/nix/store/nk9zjn5hgfq1agrqggk9j0px6qg9y3y8-activation-script.drv'...
building '/nix/store/6s1n7mbnc91il10car9l1dsrc5vjf8si-home-manager-files.drv'...
building '/nix/store/3nyrxycz44lwb20h24w42r4n5sa6b16m-home-manager-generation.drv'...
building '/nix/store/li0m9jrf9vl9v6fzxkf4zmam784arh61-unit-home-manager-chuu.service.drv'...
building '/nix/store/snn1a7jp57p0qylkx9r926agm7qd1qsm-system-units.drv'...
building '/nix/store/phkcn6fxr4fwdqnsa3xffgn5hqc51qqq-etc.drv'...
building '/nix/store/n6raffxaxzjfw3ng1hjlk623w29giljh-nixos-system-g14-25.05.20250322.1e5b653.drv'...
activating the configuration...
setting up /etc...
reloading user units for chuu...
restarting sysinit-reactivation.target
the following new units were started: NetworkManager-dispatcher.service, sysinit-reactivation.target, systemd-tmpfiles-resetup.service
Done. The new configuration is /nix/store/q7n0ylhn4xw78irx4gqr55mg2wf03xxc-nixos-system-g14-25.05.20250322.1e5b653
